python : C:\Python314\python.exe: No module named pytest
At line:1 char:148
+ ... pts\activate.bat ; python -m pytest tests/ -v --tb=short 2>&1 | tee t ...
+                        ~~~~~~~~~~~~~~~~~~~~~~~~~~~~~~~~~~~~~~~~~~
    + CategoryInfo          : NotSpecified: (C:\Python314\py...le named pytest 
   :String) [], RemoteException
    + FullyQualifiedErrorId : NativeCommandError
 
